job uses node node456
LAMMPS (5 Nov 2016)
Running on 1 partitions of processors
getting bdna/curv dists!
dcdplugin) detected standard 32-bit DCD file of native endianness
dcdplugin) CHARMM format DCD file (also NAMD 2.1 and later)
simulation finished
job done
